
hp@Laptop-David MINGW64 ~/Desktop
$ git clone https://github.com/DavidReds7/Proyecto-Manhattan.git

$ cd Proyecto-Manhattan

hp@Laptop-David MINGW64 ~/Desktop/Proyecto-Manhattan (main)
$ git add .

hp@Laptop-David MINGW64 ~/Desktop/Proyecto-Manhattan (main)
$ git commit -m "agregue algo"
[main 5aba01a] agregue algo
 1 file changed, 21 insertions(+)
 create mode 100644 integrantes/20233tn152.html

hp@Laptop-David MINGW64 ~/Desktop/Proyecto-Manhattan (main)
$ git push
Enumerating objects: 5, done.
Counting objects: 100% (5/5), done.
Delta compression using up to 4 threads
Compressing objects: 100% (3/3), done.
Writing objects: 100% (4/4), 643 bytes | 160.00 KiB/s, done.
Total 4 (delta 0), reused 0 (delta 0), pack-reused 0 (from 0)
To https://github.com/DavidReds7/Proyecto-Manhattan.git
   acfa477..5aba01a  main -> main

hp@Laptop-David MINGW64 ~/Desktop/Proyecto-Manhattan (main)
$ git rm img
rm 'img'

hp@Laptop-David MINGW64 ~/Desktop/Proyecto-Manhattan (main)
$ git status
On branch main
Your branch is up to date with 'origin/main'.

Changes to be committed:
  (use "git restore --staged <file>..." to unstage)
        deleted:    img


hp@Laptop-David MINGW64 ~/Desktop/Proyecto-Manhattan (main)
$ git commit -m "borre img"
[main 78c4181] borre img
 1 file changed, 1 deletion(-)
 delete mode 100644 img

hp@Laptop-David MINGW64 ~/Desktop/Proyecto-Manhattan (main)
$ git push
Enumerating objects: 3, done.
Counting objects: 100% (3/3), done.
Delta compression using up to 4 threads
Compressing objects: 100% (2/2), done.
Writing objects: 100% (2/2), 270 bytes | 135.00 KiB/s, done.
Total 2 (delta 0), reused 0 (delta 0), pack-reused 0 (from 0)
To https://github.com/DavidReds7/Proyecto-Manhattan.git
   5aba01a..78c4181  main -> main

hp@Laptop-David MINGW64 ~/Desktop/Proyecto-Manhattan (main)
$ ^C

hp@Laptop-David MINGW64 ~/Desktop/Proyecto-Manhattan (main)
$ mkdir img

hp@Laptop-David MINGW64 ~/Desktop/Proyecto-Manhattan (main)
$ git status
On branch main
Your branch is up to date with 'origin/main'.

Untracked files:
  (use "git add <file>..." to include in what will be committed)
        img/

nothing added to commit but untracked files present (use "git add" to track)

hp@Laptop-David MINGW64 ~/Desktop/Proyecto-Manhattan (main)
$ git comit -m "Agregue carpeta img e imagen mapache"
git: 'comit' is not a git command. See 'git --help'.

The most similar command is
        commit

hp@Laptop-David MINGW64 ~/Desktop/Proyecto-Manhattan (main)
$ git commit -m "Agregue carpeta img e imagen mapache"
On branch main
Your branch is up to date with 'origin/main'.

Untracked files:
  (use "git add <file>..." to include in what will be committed)
        img/

nothing added to commit but untracked files present (use "git add" to track)

hp@Laptop-David MINGW64 ~/Desktop/Proyecto-Manhattan (main)
$ git add .

hp@Laptop-David MINGW64 ~/Desktop/Proyecto-Manhattan (main)
$ git status
On branch main
Your branch is up to date with 'origin/main'.

Changes to be committed:
  (use "git restore --staged <file>..." to unstage)
        new file:   img/Mapache.jpg


hp@Laptop-David MINGW64 ~/Desktop/Proyecto-Manhattan (main)
$ git commit -m "Agregue imagen mapache"
[main d3f1fba] Agregue imagen mapache
 1 file changed, 0 insertions(+), 0 deletions(-)
 create mode 100644 img/Mapache.jpg

hp@Laptop-David MINGW64 ~/Desktop/Proyecto-Manhattan (main)
$ git status
On branch main
Your branch is ahead of 'origin/main' by 1 commit.
  (use "git push" to publish your local commits)

nothing to commit, working tree clean

hp@Laptop-David MINGW64 ~/Desktop/Proyecto-Manhattan (main)
$ git push
Enumerating objects: 5, done.
Counting objects: 100% (5/5), done.
Delta compression using up to 4 threads
Compressing objects: 100% (3/3), done.
Writing objects: 100% (4/4), 5.01 KiB | 1.25 MiB/s, done.
Total 4 (delta 0), reused 0 (delta 0), pack-reused 0 (from 0)
To https://github.com/DavidReds7/Proyecto-Manhattan.git
   78c4181..d3f1fba  main -> main

hp@Laptop-David MINGW64 ~/Desktop/Proyecto-Manhattan (main)
$
